Microsoft (R) Macro Assembler Version 14.29.30136.0	    11/02/21 09:45:58
macros.asm						     Page 1 - 1


				; Example assembly language program -- adds 158 to number in memory
				; Author:  Harry Patel
				; Date:    09/13/2021
				comment & we can comment in this 
				way to &

				.586
				.MODEL FLAT

				.STACK  4096            ; reserve 4096-byte stack

 00000000			.DATA                   ; reserve storage for data


 00000000			.CODE                           ; start of main program code

				add3 MACRO num1, num2, num3
				        mov eax, num1
				        add eax, num2
				        add eax, num3
				        ENDM




 00000000			main    PROC
				        
				        add3 1,2,3
 00000000  B8 00000001	     1	        mov eax, 1
 00000005  83 C0 02	     1	        add eax, 2
 00000008  83 C0 03	     1	        add eax, 3

 0000000B  B8 00000000		        mov   eax, 0            ; exit with return code 0
 00000010  C3			        ret
 00000011			main    ENDP

				END                             ; end of source code
Microsoft (R) Macro Assembler Version 14.29.30136.0	    11/02/21 09:45:58
macros.asm						     Symbols 2 - 1




Macros:

                N a m e                 Type

add3 . . . . . . . . . . . . . .	Proc


Segments and Groups:

                N a m e                 Size     Length   Align   Combine Class

FLAT . . . . . . . . . . . . . .	GROUP
STACK  . . . . . . . . . . . . .	32 Bit	 00001000 Para	  Stack	  'STACK'	 
_DATA  . . . . . . . . . . . . .	32 Bit	 00000000 Para	  Public  'DATA'	
_TEXT  . . . . . . . . . . . . .	32 Bit	 00000011 Para	  Public  'CODE'	


Procedures, parameters, and locals:

                N a m e                 Type     Value    Attr

main . . . . . . . . . . . . . .	P Near	 00000000 _TEXT	Length= 00000011 Public


Symbols:

                N a m e                 Type     Value    Attr

@CodeSize  . . . . . . . . . . .	Number	 00000000h   
@DataSize  . . . . . . . . . . .	Number	 00000000h   
@Interface . . . . . . . . . . .	Number	 00000000h   
@Model . . . . . . . . . . . . .	Number	 00000007h   
@code  . . . . . . . . . . . . .	Text   	 _TEXT
@data  . . . . . . . . . . . . .	Text   	 FLAT
@fardata?  . . . . . . . . . . .	Text   	 FLAT
@fardata . . . . . . . . . . . .	Text   	 FLAT
@stack . . . . . . . . . . . . .	Text   	 FLAT

	   0 Warnings
	   0 Errors
